// Jest Snapshot v1, https://goo.gl/fbAQLP

exports[`Header Layout 1`] = `
<div>
  <header
    class="container"
  >
    <div
      class="wrapper"
    >
      <button
        class="burger"
      >
        <svg
          aria-hidden="true"
          class="MuiSvgIcon-root MuiSvgIcon-fontSizeMedium css-i4bv87-MuiSvgIcon-root"
          data-testid="MenuIcon"
          focusable="false"
          viewBox="0 0 24 24"
        >
          <path
            d="M3 18h18v-2H3v2zm0-5h18v-2H3v2zm0-7v2h18V6H3z"
          />
        </svg>
      </button>
      <div
        class="logo"
      >
        <a
          aria-current="page"
          class="link active"
          href="/"
        >
          MovieViewer
        </a>
      </div>
    </div>
  </header>
</div>
`;
